// Jest Snapshot v1, https://goo.gl/fbAQLP

exports[`Home should match snapshot 1`] = `
<ul>
  <Message
    data={
      Object {
        "id": "cd445e6d-e514-424f-ba8f-16ec842002c6",
        "message": "Quisque erat eros, viverra eget, congue eget, semper rutrum, nulla.",
        "timestamp": "2017-02-09T04:27:38Z",
        "userId": "fe27b760-a915-475c-80bb-7cdf14cc6ef3",
      }
    }
    key="cd445e6d-e514-424f-ba8f-16ec842002c6"
    user={
      Object {
        "avatar": "http://dummyimage.com/100x100.png/5fa2dd/ffffff",
        "email": "mbradley0@google.it",
        "firstName": "Martin",
        "id": "fe27b760-a915-475c-80bb-7cdf14cc6ef3",
        "ip": "166.124.172.160",
        "lastName": "Bradley",
      }
    }
  />
  <Message
    data={
      Object {
        "id": "b03569ae-ccbf-4975-8040-4daba638b407",
        "message": "Integer a nibh. In quis justo. Maecenas rhoncus aliquam lacus.",
        "timestamp": "2016-11-09T05:04:58Z",
        "userId": "16373df5-da0a-4074-8295-f916b94269f4",
      }
    }
    key="b03569ae-ccbf-4975-8040-4daba638b407"
    user={
      Object {
        "avatar": "http://dummyimage.com/100x100.jpg/dddddd/000000",
        "email": "hhawkins1@posterous.com",
        "firstName": "Helen",
        "id": "16373df5-da0a-4074-8295-f916b94269f4",
        "ip": "179.239.189.173",
        "lastName": "Hawkins",
      }
    }
  />
</ul>
`;
