// Jest Snapshot v1, https://goo.gl/fbAQLP

exports[`Message should match snapshot 1`] = `
<li>
  <div
    className="message"
    onMouseEnter={[Function]}
    onMouseLeave={[Function]}
  >
    Quisque erat eros, viverra eget, congue eget, semper rutrum, nulla.
  </div>
  <div
    className="email"
    style={
      Object {
        "visibility": "hidden",
      }
    }
  >
    user email
  </div>
</li>
`;
